Release 14.7 - xst P.20131013 (nt64)
Copyright (c) 1995-2013 Xilinx, Inc.  All rights reserved.
--> Parameter TMPDIR set to xst/projnav.tmp


Total REAL time to Xst completion: 1.00 secs
Total CPU time to Xst completion: 0.14 secs
 
--> Parameter xsthdpdir set to xst


Total REAL time to Xst completion: 1.00 secs
Total CPU time to Xst completion: 0.14 secs
 
--> Reading design: dino_motion.prj

TABLE OF CONTENTS
  1) Synthesis Options Summary
  2) HDL Parsing
  3) HDL Elaboration
  4) HDL Synthesis
       4.1) HDL Synthesis Report
  5) Advanced HDL Synthesis
       5.1) Advanced HDL Synthesis Report
  6) Low Level Synthesis
  7) Partition Report
  8) Design Summary
       8.1) Primitive and Black Box Usage
       8.2) Device utilization summary
       8.3) Partition Resource Summary
       8.4) Timing Report
            8.4.1) Clock Information
            8.4.2) Asynchronous Control Signals Information
            8.4.3) Timing Summary
            8.4.4) Timing Details
            8.4.5) Cross Clock Domains Report


=========================================================================
*                      Synthesis Options Summary                        *
=========================================================================
---- Source Parameters
Input File Name                    : "dino_motion.prj"
Ignore Synthesis Constraint File   : NO

---- Target Parameters
Output File Name                   : "dino_motion"
Output Format                      : NGC
Target Device                      : xc6slx9-3-tqg144

---- Source Options
Top Module Name                    : dino_motion
Automatic FSM Extraction           : YES
FSM Encoding Algorithm             : Auto
Safe Implementation                : No
FSM Style                          : LUT
RAM Extraction                     : Yes
RAM Style                          : Auto
ROM Extraction                     : Yes
Shift Register Extraction          : YES
ROM Style                          : Auto
Resource Sharing                   : YES
Asynchronous To Synchronous        : NO
Shift Register Minimum Size        : 2
Use DSP Block                      : Auto
Automatic Register Balancing       : No

---- Target Options
LUT Combining                      : Auto
Reduce Control Sets                : Auto
Add IO Buffers                     : YES
Global Maximum Fanout              : 100000
Add Generic Clock Buffer(BUFG)     : 16
Register Duplication               : YES
Optimize Instantiated Primitives   : NO
Use Clock Enable                   : Auto
Use Synchronous Set                : Auto
Use Synchronous Reset              : Auto
Pack IO Registers into IOBs        : Auto
Equivalent register Removal        : YES

---- General Options
Optimization Goal                  : Speed
Optimization Effort                : 1
Power Reduction                    : NO
Keep Hierarchy                     : No
Netlist Hierarchy                  : As_Optimized
RTL Output                         : Yes
Global Optimization                : AllClockNets
Read Cores                         : YES
Write Timing Constraints           : NO
Cross Clock Analysis               : NO
Hierarchy Separator                : /
Bus Delimiter                      : <>
Case Specifier                     : Maintain
Slice Utilization Ratio            : 100
BRAM Utilization Ratio             : 100
DSP48 Utilization Ratio            : 100
Auto BRAM Packing                  : NO
Slice Utilization Ratio Delta      : 5

=========================================================================


=========================================================================
*                          HDL Parsing                                  *
=========================================================================
Parsing VHDL file "C:\XilinkProject\digital_01\dino_motion.vhd" into library work
Parsing entity <dino_motion>.
Parsing architecture <Behavioral> of entity <dino_motion>.

=========================================================================
*                            HDL Elaboration                            *
=========================================================================

Elaborating entity <dino_motion> (architecture <Behavioral>) from library <work>.

=========================================================================
*                           HDL Synthesis                               *
=========================================================================

Synthesizing Unit <dino_motion>.
    Related source file is "C:\XilinkProject\digital_01\dino_motion.vhd".
WARNING:Xst:647 - Input <clk> is never used. This port will be preserved and left unconnected if it belongs to a top-level block or it belongs to a sub-block and the hierarchy of this sub-block is preserved.
    Found 32-bit register for signal <y_vel>.
    Found 1-bit register for signal <btn_prev>.
    Found 9-bit register for signal <y_pos>.
    Found 32-bit adder for signal <y_vel[31]_GND_4_o_add_1_OUT> created at line 33.
    Found 32-bit adder for signal <GND_4_o_GND_4_o_add_4_OUT> created at line 43.
    Found 9-bit comparator greater for signal <y_pos[8]_PWR_4_o_LessThan_1_o> created at line 31
    Found 32-bit comparator greater for signal <n0008> created at line 46
    Summary:
	inferred   2 Adder/Subtractor(s).
	inferred  42 D-type flip-flop(s).
	inferred   2 Comparator(s).
	inferred   1 Multiplexer(s).
Unit <dino_motion> synthesized.

=========================================================================
HDL Synthesis Report

Macro Statistics
# Adders/Subtractors                                   : 2
 32-bit adder                                          : 2
# Registers                                            : 3
 1-bit register                                        : 1
 32-bit register                                       : 1
 9-bit register                                        : 1
# Comparators                                          : 2
 32-bit comparator greater                             : 1
 9-bit comparator greater                              : 1
# Multiplexers                                         : 1
 32-bit 2-to-1 multiplexer                             : 1

=========================================================================

=========================================================================
*                       Advanced HDL Synthesis                          *
=========================================================================


Synthesizing (advanced) Unit <dino_motion>.
The following registers are absorbed into counter <y_vel>: 1 register on signal <y_vel>.
Unit <dino_motion> synthesized (advanced).

=========================================================================
Advanced HDL Synthesis Report

Macro Statistics
# Adders/Subtractors                                   : 2
 32-bit adder                                          : 2
# Counters                                             : 1
 32-bit up counter                                     : 1
# Registers                                            : 10
 Flip-Flops                                            : 10
# Comparators                                          : 2
 32-bit comparator greater                             : 1
 9-bit comparator greater                              : 1
# Multiplexers                                         : 1
 32-bit 2-to-1 multiplexer                             : 1

=========================================================================

=========================================================================
*                         Low Level Synthesis                           *
=========================================================================

Optimizing unit <dino_motion> ...

Mapping all equations...
Building and optimizing final netlist ...
Found area constraint ratio of 100 (+ 5) on block dino_motion, actual ratio is 2.
FlipFlop y_pos_5 has been replicated 2 time(s)
FlipFlop y_pos_6 has been replicated 1 time(s)
FlipFlop y_pos_7 has been replicated 1 time(s)
FlipFlop y_pos_8 has been replicated 2 time(s)

Final Macro Processing ...

=========================================================================
Final Register Report

Macro Statistics
# Registers                                            : 48
 Flip-Flops                                            : 48

=========================================================================

=========================================================================
*                           Partition Report                            *
=========================================================================

Partition Implementation Status
-------------------------------

  No Partitions were found in this design.

-------------------------------

=========================================================================
*                            Design Summary                             *
=========================================================================

Top Level Output File Name         : dino_motion.ngc

Primitive and Black Box Usage:
------------------------------
# BELS                             : 352
#      GND                         : 1
#      INV                         : 2
#      LUT1                        : 31
#      LUT2                        : 45
#      LUT3                        : 1
#      LUT4                        : 3
#      LUT5                        : 12
#      LUT6                        : 61
#      MUXCY                       : 99
#      VCC                         : 1
#      XORCY                       : 96
# FlipFlops/Latches                : 48
#      FD                          : 32
#      FD_1                        : 16
# Clock Buffers                    : 1
#      BUFGP                       : 1
# IO Buffers                       : 10
#      IBUF                        : 1
#      OBUF                        : 9

Device utilization summary:
---------------------------

Selected Device : 6slx9tqg144-3 


Slice Logic Utilization: 
 Number of Slice Registers:              48  out of  11440     0%  
 Number of Slice LUTs:                  155  out of   5720     2%  
    Number used as Logic:               155  out of   5720     2%  

Slice Logic Distribution: 
 Number of LUT Flip Flop pairs used:    159
   Number with an unused Flip Flop:     111  out of    159    69%  
   Number with an unused LUT:             4  out of    159     2%  
   Number of fully used LUT-FF pairs:    44  out of    159    27%  
   Number of unique control sets:         2

IO Utilization: 
 Number of IOs:                          12
 Number of bonded IOBs:                  11  out of    102    10%  

Specific Feature Utilization:
 Number of BUFG/BUFGCTRLs:                1  out of     16     6%  

---------------------------
Partition Resource Summary:
---------------------------

  No Partitions were found in this design.

---------------------------


=========================================================================
Timing Report

NOTE: THESE TIMING NUMBERS ARE ONLY A SYNTHESIS ESTIMATE.
      FOR ACCURATE TIMING INFORMATION PLEASE REFER TO THE TRACE REPORT
      GENERATED AFTER PLACE-and-ROUTE.

Clock Information:
------------------
-----------------------------------+------------------------+-------+
Clock Signal                       | Clock buffer(FF name)  | Load  |
-----------------------------------+------------------------+-------+
vsync                              | BUFGP                  | 48    |
-----------------------------------+------------------------+-------+

Asynchronous Control Signals Information:
----------------------------------------
No asynchronous control signals found in this design

Timing Summary:
---------------
Speed Grade: -3

   Minimum period: 6.821ns (Maximum Frequency: 146.611MHz)
   Minimum input arrival time before clock: 7.682ns
   Maximum output required time after clock: 4.651ns
   Maximum combinational path delay: No path found

Timing Details:
---------------
All values displayed in nanoseconds (ns)

=========================================================================
Timing constraint: Default period analysis for Clock 'vsync'
  Clock period: 6.821ns (frequency: 146.611MHz)
  Total number of paths / destination ports: 986669 / 47
-------------------------------------------------------------------------
Delay:               6.821ns (Levels of Logic = 36)
  Source:            y_pos_5_1 (FF)
  Destination:       y_pos_0 (FF)
  Source Clock:      vsync falling
  Destination Clock: vsync falling

  Data Path: y_pos_5_1 to y_pos_0
                                Gate     Net
    Cell:in->out      fanout   Delay   Delay  Logical Name (Net Name)
    ----------------------------------------  ------------
     FD_1:C->Q             2   0.447   0.961  y_pos_5_1 (y_pos_5_1)
     LUT6:I1->O           10   0.203   0.857  Mmux_n00321101_1 (Mmux_n00321101)
     LUT4:I3->O            1   0.205   0.000  Madd_GND_4_o_GND_4_o_add_4_OUT_lut<0> (Madd_GND_4_o_GND_4_o_add_4_OUT_lut<0>)
     MUXCY:S->O            1   0.172   0.000  Madd_GND_4_o_GND_4_o_add_4_OUT_cy<0> (Madd_GND_4_o_GND_4_o_add_4_OUT_cy<0>)
     MUXCY:CI->O           1   0.019   0.000  Madd_GND_4_o_GND_4_o_add_4_OUT_cy<1> (Madd_GND_4_o_GND_4_o_add_4_OUT_cy<1>)
     MUXCY:CI->O           1   0.019   0.000  Madd_GND_4_o_GND_4_o_add_4_OUT_cy<2> (Madd_GND_4_o_GND_4_o_add_4_OUT_cy<2>)
     MUXCY:CI->O           1   0.019   0.000  Madd_GND_4_o_GND_4_o_add_4_OUT_cy<3> (Madd_GND_4_o_GND_4_o_add_4_OUT_cy<3>)
     MUXCY:CI->O           1   0.019   0.000  Madd_GND_4_o_GND_4_o_add_4_OUT_cy<4> (Madd_GND_4_o_GND_4_o_add_4_OUT_cy<4>)
     MUXCY:CI->O           1   0.019   0.000  Madd_GND_4_o_GND_4_o_add_4_OUT_cy<5> (Madd_GND_4_o_GND_4_o_add_4_OUT_cy<5>)
     MUXCY:CI->O           1   0.019   0.000  Madd_GND_4_o_GND_4_o_add_4_OUT_cy<6> (Madd_GND_4_o_GND_4_o_add_4_OUT_cy<6>)
     MUXCY:CI->O           1   0.019   0.000  Madd_GND_4_o_GND_4_o_add_4_OUT_cy<7> (Madd_GND_4_o_GND_4_o_add_4_OUT_cy<7>)
     MUXCY:CI->O           1   0.019   0.000  Madd_GND_4_o_GND_4_o_add_4_OUT_cy<8> (Madd_GND_4_o_GND_4_o_add_4_OUT_cy<8>)
     MUXCY:CI->O           1   0.019   0.000  Madd_GND_4_o_GND_4_o_add_4_OUT_cy<9> (Madd_GND_4_o_GND_4_o_add_4_OUT_cy<9>)
     MUXCY:CI->O           1   0.019   0.000  Madd_GND_4_o_GND_4_o_add_4_OUT_cy<10> (Madd_GND_4_o_GND_4_o_add_4_OUT_cy<10>)
     MUXCY:CI->O           1   0.019   0.000  Madd_GND_4_o_GND_4_o_add_4_OUT_cy<11> (Madd_GND_4_o_GND_4_o_add_4_OUT_cy<11>)
     MUXCY:CI->O           1   0.019   0.000  Madd_GND_4_o_GND_4_o_add_4_OUT_cy<12> (Madd_GND_4_o_GND_4_o_add_4_OUT_cy<12>)
     MUXCY:CI->O           1   0.019   0.000  Madd_GND_4_o_GND_4_o_add_4_OUT_cy<13> (Madd_GND_4_o_GND_4_o_add_4_OUT_cy<13>)
     MUXCY:CI->O           1   0.019   0.000  Madd_GND_4_o_GND_4_o_add_4_OUT_cy<14> (Madd_GND_4_o_GND_4_o_add_4_OUT_cy<14>)
     MUXCY:CI->O           1   0.019   0.000  Madd_GND_4_o_GND_4_o_add_4_OUT_cy<15> (Madd_GND_4_o_GND_4_o_add_4_OUT_cy<15>)
     MUXCY:CI->O           1   0.019   0.000  Madd_GND_4_o_GND_4_o_add_4_OUT_cy<16> (Madd_GND_4_o_GND_4_o_add_4_OUT_cy<16>)
     MUXCY:CI->O           1   0.019   0.000  Madd_GND_4_o_GND_4_o_add_4_OUT_cy<17> (Madd_GND_4_o_GND_4_o_add_4_OUT_cy<17>)
     MUXCY:CI->O           1   0.019   0.000  Madd_GND_4_o_GND_4_o_add_4_OUT_cy<18> (Madd_GND_4_o_GND_4_o_add_4_OUT_cy<18>)
     MUXCY:CI->O           1   0.019   0.000  Madd_GND_4_o_GND_4_o_add_4_OUT_cy<19> (Madd_GND_4_o_GND_4_o_add_4_OUT_cy<19>)
     MUXCY:CI->O           1   0.019   0.000  Madd_GND_4_o_GND_4_o_add_4_OUT_cy<20> (Madd_GND_4_o_GND_4_o_add_4_OUT_cy<20>)
     MUXCY:CI->O           1   0.019   0.000  Madd_GND_4_o_GND_4_o_add_4_OUT_cy<21> (Madd_GND_4_o_GND_4_o_add_4_OUT_cy<21>)
     MUXCY:CI->O           1   0.019   0.000  Madd_GND_4_o_GND_4_o_add_4_OUT_cy<22> (Madd_GND_4_o_GND_4_o_add_4_OUT_cy<22>)
     MUXCY:CI->O           1   0.019   0.000  Madd_GND_4_o_GND_4_o_add_4_OUT_cy<23> (Madd_GND_4_o_GND_4_o_add_4_OUT_cy<23>)
     MUXCY:CI->O           1   0.019   0.000  Madd_GND_4_o_GND_4_o_add_4_OUT_cy<24> (Madd_GND_4_o_GND_4_o_add_4_OUT_cy<24>)
     MUXCY:CI->O           1   0.019   0.000  Madd_GND_4_o_GND_4_o_add_4_OUT_cy<25> (Madd_GND_4_o_GND_4_o_add_4_OUT_cy<25>)
     MUXCY:CI->O           1   0.019   0.000  Madd_GND_4_o_GND_4_o_add_4_OUT_cy<26> (Madd_GND_4_o_GND_4_o_add_4_OUT_cy<26>)
     MUXCY:CI->O           1   0.019   0.000  Madd_GND_4_o_GND_4_o_add_4_OUT_cy<27> (Madd_GND_4_o_GND_4_o_add_4_OUT_cy<27>)
     MUXCY:CI->O           1   0.019   0.000  Madd_GND_4_o_GND_4_o_add_4_OUT_cy<28> (Madd_GND_4_o_GND_4_o_add_4_OUT_cy<28>)
     XORCY:CI->O           2   0.180   0.961  Madd_GND_4_o_GND_4_o_add_4_OUT_xor<29> (GND_4_o_GND_4_o_add_4_OUT<29>)
     LUT5:I0->O            0   0.203   0.000  Mcompar_n0008_lutdi4 (Mcompar_n0008_lutdi4)
     MUXCY:DI->O           1   0.145   0.000  Mcompar_n0008_cy<4> (Mcompar_n0008_cy<4>)
     MUXCY:CI->O          42   0.213   1.434  Mcompar_n0008_cy<5> (Mcompar_n0008_cy<5>)
     LUT2:I1->O            3   0.205   0.000  y_pos_5_rstpot (y_pos_5_rstpot)
     FD_1:D                    0.102          y_pos_5
    ----------------------------------------
    Total                      6.821ns (2.607ns logic, 4.214ns route)
                                       (38.2% logic, 61.8% route)

=========================================================================
Timing constraint: Default OFFSET IN BEFORE for Clock 'vsync'
  Total number of paths / destination ports: 40769 / 48
-------------------------------------------------------------------------
Offset:              7.682ns (Levels of Logic = 37)
  Source:            btn_jump (PAD)
  Destination:       y_pos_0 (FF)
  Destination Clock: vsync falling

  Data Path: btn_jump to y_pos_0
                                Gate     Net
    Cell:in->out      fanout   Delay   Delay  Logical Name (Net Name)
    ----------------------------------------  ------------
     IBUF:I->O             4   1.222   1.048  btn_jump_IBUF (btn_jump_IBUF)
     LUT6:I0->O           10   0.203   0.857  Mmux_n00321101_1 (Mmux_n00321101)
     LUT4:I3->O            1   0.205   0.000  Madd_GND_4_o_GND_4_o_add_4_OUT_lut<0> (Madd_GND_4_o_GND_4_o_add_4_OUT_lut<0>)
     MUXCY:S->O            1   0.172   0.000  Madd_GND_4_o_GND_4_o_add_4_OUT_cy<0> (Madd_GND_4_o_GND_4_o_add_4_OUT_cy<0>)
     MUXCY:CI->O           1   0.019   0.000  Madd_GND_4_o_GND_4_o_add_4_OUT_cy<1> (Madd_GND_4_o_GND_4_o_add_4_OUT_cy<1>)
     MUXCY:CI->O           1   0.019   0.000  Madd_GND_4_o_GND_4_o_add_4_OUT_cy<2> (Madd_GND_4_o_GND_4_o_add_4_OUT_cy<2>)
     MUXCY:CI->O           1   0.019   0.000  Madd_GND_4_o_GND_4_o_add_4_OUT_cy<3> (Madd_GND_4_o_GND_4_o_add_4_OUT_cy<3>)
     MUXCY:CI->O           1   0.019   0.000  Madd_GND_4_o_GND_4_o_add_4_OUT_cy<4> (Madd_GND_4_o_GND_4_o_add_4_OUT_cy<4>)
     MUXCY:CI->O           1   0.019   0.000  Madd_GND_4_o_GND_4_o_add_4_OUT_cy<5> (Madd_GND_4_o_GND_4_o_add_4_OUT_cy<5>)
     MUXCY:CI->O           1   0.019   0.000  Madd_GND_4_o_GND_4_o_add_4_OUT_cy<6> (Madd_GND_4_o_GND_4_o_add_4_OUT_cy<6>)
     MUXCY:CI->O           1   0.019   0.000  Madd_GND_4_o_GND_4_o_add_4_OUT_cy<7> (Madd_GND_4_o_GND_4_o_add_4_OUT_cy<7>)
     MUXCY:CI->O           1   0.019   0.000  Madd_GND_4_o_GND_4_o_add_4_OUT_cy<8> (Madd_GND_4_o_GND_4_o_add_4_OUT_cy<8>)
     MUXCY:CI->O           1   0.019   0.000  Madd_GND_4_o_GND_4_o_add_4_OUT_cy<9> (Madd_GND_4_o_GND_4_o_add_4_OUT_cy<9>)
     MUXCY:CI->O           1   0.019   0.000  Madd_GND_4_o_GND_4_o_add_4_OUT_cy<10> (Madd_GND_4_o_GND_4_o_add_4_OUT_cy<10>)
     MUXCY:CI->O           1   0.019   0.000  Madd_GND_4_o_GND_4_o_add_4_OUT_cy<11> (Madd_GND_4_o_GND_4_o_add_4_OUT_cy<11>)
     MUXCY:CI->O           1   0.019   0.000  Madd_GND_4_o_GND_4_o_add_4_OUT_cy<12> (Madd_GND_4_o_GND_4_o_add_4_OUT_cy<12>)
     MUXCY:CI->O           1   0.019   0.000  Madd_GND_4_o_GND_4_o_add_4_OUT_cy<13> (Madd_GND_4_o_GND_4_o_add_4_OUT_cy<13>)
     MUXCY:CI->O           1   0.019   0.000  Madd_GND_4_o_GND_4_o_add_4_OUT_cy<14> (Madd_GND_4_o_GND_4_o_add_4_OUT_cy<14>)
     MUXCY:CI->O           1   0.019   0.000  Madd_GND_4_o_GND_4_o_add_4_OUT_cy<15> (Madd_GND_4_o_GND_4_o_add_4_OUT_cy<15>)
     MUXCY:CI->O           1   0.019   0.000  Madd_GND_4_o_GND_4_o_add_4_OUT_cy<16> (Madd_GND_4_o_GND_4_o_add_4_OUT_cy<16>)
     MUXCY:CI->O           1   0.019   0.000  Madd_GND_4_o_GND_4_o_add_4_OUT_cy<17> (Madd_GND_4_o_GND_4_o_add_4_OUT_cy<17>)
     MUXCY:CI->O           1   0.019   0.000  Madd_GND_4_o_GND_4_o_add_4_OUT_cy<18> (Madd_GND_4_o_GND_4_o_add_4_OUT_cy<18>)
     MUXCY:CI->O           1   0.019   0.000  Madd_GND_4_o_GND_4_o_add_4_OUT_cy<19> (Madd_GND_4_o_GND_4_o_add_4_OUT_cy<19>)
     MUXCY:CI->O           1   0.019   0.000  Madd_GND_4_o_GND_4_o_add_4_OUT_cy<20> (Madd_GND_4_o_GND_4_o_add_4_OUT_cy<20>)
     MUXCY:CI->O           1   0.019   0.000  Madd_GND_4_o_GND_4_o_add_4_OUT_cy<21> (Madd_GND_4_o_GND_4_o_add_4_OUT_cy<21>)
     MUXCY:CI->O           1   0.019   0.000  Madd_GND_4_o_GND_4_o_add_4_OUT_cy<22> (Madd_GND_4_o_GND_4_o_add_4_OUT_cy<22>)
     MUXCY:CI->O           1   0.019   0.000  Madd_GND_4_o_GND_4_o_add_4_OUT_cy<23> (Madd_GND_4_o_GND_4_o_add_4_OUT_cy<23>)
     MUXCY:CI->O           1   0.019   0.000  Madd_GND_4_o_GND_4_o_add_4_OUT_cy<24> (Madd_GND_4_o_GND_4_o_add_4_OUT_cy<24>)
     MUXCY:CI->O           1   0.019   0.000  Madd_GND_4_o_GND_4_o_add_4_OUT_cy<25> (Madd_GND_4_o_GND_4_o_add_4_OUT_cy<25>)
     MUXCY:CI->O           1   0.019   0.000  Madd_GND_4_o_GND_4_o_add_4_OUT_cy<26> (Madd_GND_4_o_GND_4_o_add_4_OUT_cy<26>)
     MUXCY:CI->O           1   0.019   0.000  Madd_GND_4_o_GND_4_o_add_4_OUT_cy<27> (Madd_GND_4_o_GND_4_o_add_4_OUT_cy<27>)
     MUXCY:CI->O           1   0.019   0.000  Madd_GND_4_o_GND_4_o_add_4_OUT_cy<28> (Madd_GND_4_o_GND_4_o_add_4_OUT_cy<28>)
     XORCY:CI->O           2   0.180   0.961  Madd_GND_4_o_GND_4_o_add_4_OUT_xor<29> (GND_4_o_GND_4_o_add_4_OUT<29>)
     LUT5:I0->O            0   0.203   0.000  Mcompar_n0008_lutdi4 (Mcompar_n0008_lutdi4)
     MUXCY:DI->O           1   0.145   0.000  Mcompar_n0008_cy<4> (Mcompar_n0008_cy<4>)
     MUXCY:CI->O          42   0.213   1.434  Mcompar_n0008_cy<5> (Mcompar_n0008_cy<5>)
     LUT2:I1->O            3   0.205   0.000  y_pos_5_rstpot (y_pos_5_rstpot)
     FD_1:D                    0.102          y_pos_5
    ----------------------------------------
    Total                      7.682ns (3.382ns logic, 4.300ns route)
                                       (44.0% logic, 56.0% route)

=========================================================================
Timing constraint: Default OFFSET OUT AFTER for Clock 'vsync'
  Total number of paths / destination ports: 9 / 9
-------------------------------------------------------------------------
Offset:              4.651ns (Levels of Logic = 1)
  Source:            y_pos_8 (FF)
  Destination:       dino_y<8> (PAD)
  Source Clock:      vsync falling

  Data Path: y_pos_8 to dino_y<8>
                                Gate     Net
    Cell:in->out      fanout   Delay   Delay  Logical Name (Net Name)
    ----------------------------------------  ------------
     FD_1:C->Q            63   0.447   1.633  y_pos_8 (y_pos_8)
     OBUF:I->O                 2.571          dino_y_8_OBUF (dino_y<8>)
    ----------------------------------------
    Total                      4.651ns (3.018ns logic, 1.633ns route)
                                       (64.9% logic, 35.1% route)

=========================================================================

Cross Clock Domains Report:
--------------------------

Clock to Setup on destination clock vsync
---------------+---------+---------+---------+---------+
               | Src:Rise| Src:Fall| Src:Rise| Src:Fall|
Source Clock   |Dest:Rise|Dest:Rise|Dest:Fall|Dest:Fall|
---------------+---------+---------+---------+---------+
vsync          |         |         |    6.821|         |
---------------+---------+---------+---------+---------+

=========================================================================


Total REAL time to Xst completion: 3.00 secs
Total CPU time to Xst completion: 2.99 secs
 
--> 

Total memory usage is 4502500 kilobytes

Number of errors   :    0 (   0 filtered)
Number of warnings :    1 (   0 filtered)
Number of infos    :    0 (   0 filtered)

